// Jest Snapshot v1, https://goo.gl/fbAQLP

exports[`<Item /> renders and matches snapshot 1`] = `
<ItemStyles__Item>
  <img
    alt="A test item"
    src="dog.jpg"
  />
  <Title>
    <Link
      href={
        Object {
          "pathname": "/item",
          "query": Object {
            "id": "ABC123",
          },
        }
      }
    >
      <a>
        A test item
      </a>
    </Link>
  </Title>
  <PriceTag>
    $50
  </PriceTag>
  <p>
    This items is for a test
  </p>
  <div
    className="buttonList"
  >
    <Link
      href={
        Object {
          "pathname": "update",
          "query": Object {
            "id": "ABC123",
          },
        }
      }
    >
      <a>
        Edit
      </a>
    </Link>
    <AddToCart
      id="ABC123"
    />
    <DeleteItem
      id="ABC123"
    >
      Delete Item
    </DeleteItem>
  </div>
</ItemStyles__Item>
`;
